[I 2026-09-13 18:05:36.876 ServerApp] jupyter_lsp | extension was successfully linked.
[I 2026-09-13 18:05:36.878 ServerApp] jupyter_server_terminals | extension was successfully linked.
[I 2026-09-13 18:05:36.881 ServerApp] jupyterlab | extension was successfully linked.
[I 2026-09-13 18:05:36.882 ServerApp] notebook | extension was successfully linked.
[I 2026-09-13 18:05:36.899 ServerApp] notebook_shim | extension was successfully linked.
[I 2026-09-13 18:05:36.912 ServerApp] notebook_shim | extension was successfully loaded.
[I 2026-09-13 18:05:36.913 ServerApp] jupyter_lsp | extension was successfully loaded.
[I 2026-09-13 18:05:36.914 ServerApp] jupyter_server_terminals | extension was successfully loaded.
[I 2026-09-13 18:05:36.915 LabApp] JupyterLab extension loaded from /home/golimghost/lab01_ab-320_sychuk/.venv/lib/python3.11/site-packages/jupyterlab
[I 2026-09-13 18:05:36.915 LabApp] JupyterLab application directory is /home/golimghost/lab01_ab-320_sychuk/.venv/share/jupyter/lab
[I 2026-09-13 18:05:36.916 LabApp] Extension Manager is 'pypi'.
[I 2026-09-13 18:05:36.931 ServerApp] jupyterlab | extension was successfully loaded.
[I 2026-09-13 18:05:36.933 ServerApp] notebook | extension was successfully loaded.
[I 2026-09-13 18:05:36.934 ServerApp] Serving notebooks from local directory: /home/golimghost/lab01_ab-320_sychuk
[I 2026-09-13 18:05:36.934 ServerApp] Jupyter Server 2.21.0 is running at:
[I 2026-09-13 18:05:36.934 ServerApp] http://localhost:8888/tree?token=85ee9cb19e6367e70aac2955252bb9d055f944a7ef70ad27
[I 2026-09-13 18:05:36.934 ServerApp]     http://127.0.0.1:8888/tree?token=85ee9cb19e6367e70aac2955252bb9d055f944a7ef70ad27
[I 2026-09-13 18:05:36.934 ServerApp] Use Control-C to stop this server and shut down all kernels (twice to skip confirmation).
[C 2026-09-13 18:05:37.008 ServerApp] 
    
    To access the server, open this file in a browser:
        file:///home/golimghost/.local/share/jupyter/runtime/jpserver-15280-open.html
    Or copy and paste one of these URLs:
        http://localhost:8888/tree?token=85ee9cb19e6367e70aac2955252bb9d055f944a7ef70ad27
        http://127.0.0.1:8888/tree?token=85ee9cb19e6367e70aac2955252bb9d055f944a7ef70ad27
[I 2026-09-13 18:05:37.016 ServerApp] Skipped non-installed server(s): basedpyright, bash-language-server, dockerfile-language-server-nodejs, javascript-typescript-langserver, jedi-language-server, julia-language-server, pyrefly, pyright, python-language-server, python-lsp-server, r-languageserver, sql-language-server, texlab, typescript-language-server, unified-language-server, vscode-css-languageserver-bin, vscode-html-languageserver-bin, vscode-json-languageserver-bin, yaml-language-server
[I 2026-09-13 18:05:58.902 ServerApp] Interrupted...
[I 2026-09-13 18:06:17.857 ServerApp] jupyter_lsp | extension was successfully linked.
[I 2026-09-13 18:06:17.859 ServerApp] jupyter_server_terminals | extension was successfully linked.
[I 2026-09-13 18:06:17.861 ServerApp] jupyterlab | extension was successfully linked.
[I 2026-09-13 18:06:17.863 ServerApp] notebook | extension was successfully linked.
[I 2026-09-13 18:06:17.882 ServerApp] notebook_shim | extension was successfully linked.
[I 2026-09-13 18:06:17.895 ServerApp] notebook_shim | extension was successfully loaded.
[I 2026-09-13 18:06:17.896 ServerApp] jupyter_lsp | extension was successfully loaded.
[I 2026-09-13 18:06:17.897 ServerApp] jupyter_server_terminals | extension was successfully loaded.
[I 2026-09-13 18:06:17.898 LabApp] JupyterLab extension loaded from /home/golimghost/lab01_ab-320_sychuk/.venv/lib/python3.11/site-packages/jupyterlab
[I 2026-09-13 18:06:17.898 LabApp] JupyterLab application directory is /home/golimghost/lab01_ab-320_sychuk/.venv/share/jupyter/lab
[I 2026-09-13 18:06:17.898 LabApp] Extension Manager is 'pypi'.
[I 2026-09-13 18:06:17.912 ServerApp] jupyterlab | extension was successfully loaded.
[I 2026-09-13 18:06:17.914 ServerApp] notebook | extension was successfully loaded.
[I 2026-09-13 18:06:17.914 ServerApp] Serving notebooks from local directory: /home/golimghost/lab01_ab-320_sychuk
[I 2026-09-13 18:06:17.914 ServerApp] Jupyter Server 2.21.0 is running at:
[I 2026-09-13 18:06:17.914 ServerApp] http://localhost:8888/tree?token=6e52ff75c77e853d0f6721f2a927357a4914e2945cf3cc7a
[I 2026-09-13 18:06:17.914 ServerApp]     http://127.0.0.1:8888/tree?token=6e52ff75c77e853d0f6721f2a927357a4914e2945cf3cc7a
[I 2026-09-13 18:06:17.915 ServerApp] Use Control-C to stop this server and shut down all kernels (twice to skip confirmation).
[C 2026-09-13 18:06:17.991 ServerApp] 
    
    To access the server, open this file in a browser:
        file:///home/golimghost/.local/share/jupyter/runtime/jpserver-15627-open.html
    Or copy and paste one of these URLs:
        http://localhost:8888/tree?token=6e52ff75c77e853d0f6721f2a927357a4914e2945cf3cc7a
        http://127.0.0.1:8888/tree?token=6e52ff75c77e853d0f6721f2a927357a4914e2945cf3cc7a
[I 2026-09-13 18:06:17.999 ServerApp] Skipped non-installed server(s): basedpyright, bash-language-server, dockerfile-language-server-nodejs, javascript-typescript-langserver, jedi-language-server, julia-language-server, pyrefly, pyright, python-language-server, python-lsp-server, r-languageserver, sql-language-server, texlab, typescript-language-server, unified-language-server, vscode-css-languageserver-bin, vscode-html-languageserver-bin, vscode-json-languageserver-bin, yaml-language-server
[I 2026-09-13 18:10:48.907 ServerApp] Creating new notebook in 
[I 2026-09-13 18:10:48.935 ServerApp] Writing notebook-signing key to /home/golimghost/.local/share/jupyter/notebook_secret
[I 2026-09-13 18:10:49.031 ServerApp] Saving file at /Untitled.ipynb
[I 2026-09-13 18:10:49.073 ServerApp] Kernel started: 90ae9827-2e2b-424a-b7ab-10fd3b33c01d
[I 2026-09-13 18:10:49.341 ServerApp] Adapting from protocol version 5.3 (kernel 90ae9827-2e2b-424a-b7ab-10fd3b33c01d) to 5.4 (client).
[I 2026-09-13 18:10:49.342 ServerApp] Connecting to kernel 90ae9827-2e2b-424a-b7ab-10fd3b33c01d.
[W 2026-09-13 18:10:49.343 ServerApp] The websocket_ping_timeout (90000) cannot be longer than the websocket_ping_interval (30000).
    Setting websocket_ping_timeout=30000
[I 2026-09-13 18:10:49.348 ServerApp] Adapting from protocol version 5.3 (kernel 90ae9827-2e2b-424a-b7ab-10fd3b33c01d) to 5.4 (client).
[I 2026-09-13 18:10:49.349 ServerApp] Connecting to kernel 90ae9827-2e2b-424a-b7ab-10fd3b33c01d.
[I 2026-09-13 18:10:49.352 ServerApp] Adapting from protocol version 5.3 (kernel 90ae9827-2e2b-424a-b7ab-10fd3b33c01d) to 5.4 (client).
[I 2026-09-13 18:10:49.353 ServerApp] Connecting to kernel 90ae9827-2e2b-424a-b7ab-10fd3b33c01d.
[I 2026-09-13 18:10:49.659 ServerApp] Adapting from protocol version 5.3 (kernel 90ae9827-2e2b-424a-b7ab-10fd3b33c01d) to 5.4 (client).
[I 2026-09-13 18:10:49.660 ServerApp] Connecting to kernel 90ae9827-2e2b-424a-b7ab-10fd3b33c01d.
[I 2026-09-13 18:10:50.019 ServerApp] Adapting from protocol version 5.3 (kernel 90ae9827-2e2b-424a-b7ab-10fd3b33c01d) to 5.4 (client).
[I 2026-09-13 18:10:50.020 ServerApp] Connecting to kernel 90ae9827-2e2b-424a-b7ab-10fd3b33c01d.
[I 2026-09-13 18:12:27.285 ServerApp] Adapting from protocol version 5.3 (kernel 90ae9827-2e2b-424a-b7ab-10fd3b33c01d) to 5.4 (client).
[I 2026-09-13 18:12:27.286 ServerApp] Connecting to kernel 90ae9827-2e2b-424a-b7ab-10fd3b33c01d.
[W 2026-09-13 18:12:27.441 ServerApp] 404 GET /api/contents/Untitled.ipynb?type=notebook&content=1&hash=1&contentProviderId=undefined&1789297947437 (028ff7d865b84ee582a9b89e6b3623c3@127.0.0.1) 1.43ms referer=http://localhost:8888/notebooks/Untitled.ipynb
[W 2026-09-13 18:12:27.441 ServerApp] 404 GET /api/contents/Untitled.ipynb?type=notebook&content=1&hash=1&contentProviderId=undefined&1789297947437 (127.0.0.1): No such file or directory: Untitled.ipynb
[I 2026-09-13 18:12:32.274 ServerApp] Adapting from protocol version 5.3 (kernel 90ae9827-2e2b-424a-b7ab-10fd3b33c01d) to 5.4 (client).
[I 2026-09-13 18:12:32.275 ServerApp] Connecting to kernel 90ae9827-2e2b-424a-b7ab-10fd3b33c01d.
[I 2026-09-13 18:12:37.813 ServerApp] Kernel started: 38ea85db-cb9a-485d-9c71-ef1182f49edd
[I 2026-09-13 18:12:38.065 ServerApp] Adapting from protocol version 5.3 (kernel 38ea85db-cb9a-485d-9c71-ef1182f49edd) to 5.4 (client).
[I 2026-09-13 18:12:38.065 ServerApp] Connecting to kernel 38ea85db-cb9a-485d-9c71-ef1182f49edd.
[I 2026-09-13 18:14:32.523 ServerApp] Saving file at /lab01.ipynb
[I 2026-09-13 18:26:52.834 ServerApp] Starting buffering for 38ea85db-cb9a-485d-9c71-ef1182f49edd:a1b15297-0291-421a-b8a7-424a010825ba
[I 2026-09-13 18:26:53.331 ServerApp] Adapting from protocol version 5.3 (kernel 90ae9827-2e2b-424a-b7ab-10fd3b33c01d) to 5.4 (client).
[I 2026-09-13 18:26:53.332 ServerApp] Connecting to kernel 90ae9827-2e2b-424a-b7ab-10fd3b33c01d.
[I 2026-09-13 18:26:53.337 ServerApp] Adapting from protocol version 5.3 (kernel 38ea85db-cb9a-485d-9c71-ef1182f49edd) to 5.4 (client).
[I 2026-09-13 18:26:53.337 ServerApp] Connecting to kernel 38ea85db-cb9a-485d-9c71-ef1182f49edd.
[I 2026-09-13 18:26:53.655 ServerApp] Starting buffering for 38ea85db-cb9a-485d-9c71-ef1182f49edd:72a5de0f-69b4-46a3-9e94-aef7ca4ba202
[I 2026-09-13 18:26:53.683 ServerApp] Adapting from protocol version 5.3 (kernel 38ea85db-cb9a-485d-9c71-ef1182f49edd) to 5.4 (client).
[I 2026-09-13 18:26:53.684 ServerApp] Connecting to kernel 38ea85db-cb9a-485d-9c71-ef1182f49edd.
[I 2026-09-13 19:34:53.713 ServerApp] Saving file at /lab01.ipynb
[I 2026-09-13 19:36:53.733 ServerApp] Saving file at /lab01.ipynb
[I 2026-09-13 19:37:21.700 ServerApp] Saving file at /lab01.ipynb
